MO LEGv8 NULL LEGv8.v vlg32/_l_e_gv8.bin 1486602270
MO RFandALU NULL RFandALU.v vlg01/_r_fand_a_l_u.bin 1486602270
MO ALUControl NULL ALUControl.v vlg23/_a_l_u_control.bin 1486602270
MO ALUwithControl NULL ALUwithControl.v vlg6B/_a_l_uwith_control.bin 1486602270
MO registerfile NULL registerfile.v vlg29/registerfile.bin 1486602270
