MO RFandALUwithRTypeSupport NULL RFandALUwithRTypeSupport.v vlg7E/_r_fand_a_l_uwith_r_type_support.bin 1489012039
MO LEGv8 NULL LEGv8.v vlg32/_l_e_gv8.bin 1489012039
MO registerfile NULL registerfile.v vlg29/registerfile.bin 1489012039
MO RFandALU NULL RFandALU.v vlg01/_r_fand_a_l_u.bin 1487032585
MO ALUwithControl NULL ALUwithControl.v vlg6B/_a_l_uwith_control.bin 1489012039
MO ALUControl NULL ALUControl.v vlg23/_a_l_u_control.bin 1489012039
