Release 14.7 - xst P.20131013 (nt64)
Copyright (c) 1995-2013 Xilinx, Inc.  All rights reserved.
--> Parameter TMPDIR set to xst/projnav.tmp


Total REAL time to Xst completion: 0.00 secs
Total CPU time to Xst completion: 0.08 secs
 
--> Parameter xsthdpdir set to xst


Total REAL time to Xst completion: 0.00 secs
Total CPU time to Xst completion: 0.08 secs
 
--> Reading design: Top8.prj

TABLE OF CONTENTS
  1) Synthesis Options Summary
  2) HDL Parsing
  3) HDL Elaboration
  4) HDL Synthesis
       4.1) HDL Synthesis Report
  5) Advanced HDL Synthesis
       5.1) Advanced HDL Synthesis Report
  6) Low Level Synthesis
  7) Partition Report
  8) Design Summary
       8.1) Primitive and Black Box Usage
       8.2) Device utilization summary
       8.3) Partition Resource Summary
       8.4) Timing Report
            8.4.1) Clock Information
            8.4.2) Asynchronous Control Signals Information
            8.4.3) Timing Summary
            8.4.4) Timing Details
            8.4.5) Cross Clock Domains Report


=========================================================================
*                      Synthesis Options Summary                        *
=========================================================================
---- Source Parameters
Input File Name                    : "Top8.prj"
Ignore Synthesis Constraint File   : NO

---- Target Parameters
Output File Name                   : "Top8"
Output Format                      : NGC
Target Device                      : xa7a100t-2I-csg324

---- Source Options
Top Module Name                    : Top8
Automatic FSM Extraction           : YES
FSM Encoding Algorithm             : Auto
Safe Implementation                : No
FSM Style                          : LUT
RAM Extraction                     : Yes
RAM Style                          : Auto
ROM Extraction                     : Yes
Shift Register Extraction          : YES
ROM Style                          : Auto
Resource Sharing                   : YES
Asynchronous To Synchronous        : NO
Shift Register Minimum Size        : 2
Use DSP Block                      : Auto
Automatic Register Balancing       : No

---- Target Options
LUT Combining                      : Auto
Reduce Control Sets                : Auto
Add IO Buffers                     : YES
Global Maximum Fanout              : 100000
Add Generic Clock Buffer(BUFG)     : 32
Register Duplication               : YES
Optimize Instantiated Primitives   : NO
Use Clock Enable                   : Auto
Use Synchronous Set                : Auto
Use Synchronous Reset              : Auto
Pack IO Registers into IOBs        : Auto
Equivalent register Removal        : YES

---- General Options
Optimization Goal                  : Speed
Optimization Effort                : 1
Power Reduction                    : NO
Keep Hierarchy                     : No
Netlist Hierarchy                  : As_Optimized
RTL Output                         : Yes
Global Optimization                : AllClockNets
Read Cores                         : YES
Write Timing Constraints           : NO
Cross Clock Analysis               : NO
Hierarchy Separator                : /
Bus Delimiter                      : <>
Case Specifier                     : Maintain
Slice Utilization Ratio            : 100
BRAM Utilization Ratio             : 100
DSP48 Utilization Ratio            : 100
Auto BRAM Packing                  : NO
Slice Utilization Ratio Delta      : 5

=========================================================================


=========================================================================
*                          HDL Parsing                                  *
=========================================================================
Analyzing Verilog file "D:\Workstation\CECS-341\Lab8-PipelinedARMProcessor\LEGv8.v" into library work
Parsing module <LEGv8>.
Analyzing Verilog file "D:\Workstation\CECS-341\Lab8-PipelinedARMProcessor\ALUControl.v" into library work
Parsing module <ALUControl>.
Analyzing Verilog file "D:\Workstation\CECS-341\Lab8-PipelinedARMProcessor\SignedExtender.v" into library work
Parsing module <SignedExtender>.
Analyzing Verilog file "D:\Workstation\CECS-341\Lab8-PipelinedARMProcessor\registerfile.v" into library work
Parsing module <registerfile>.
Analyzing Verilog file "D:\Workstation\CECS-341\Lab8-PipelinedARMProcessor\PC.v" into library work
Parsing module <PC>.
Analyzing Verilog file "D:\Workstation\CECS-341\Lab8-PipelinedARMProcessor\Mux2to1.v" into library work
Parsing module <Mux2to1>.
Analyzing Verilog file "D:\Workstation\CECS-341\Lab8-PipelinedARMProcessor\MEMWB_PR.v" into library work
Parsing module <MEMWB_PR>.
Analyzing Verilog file "D:\Workstation\CECS-341\Lab8-PipelinedARMProcessor\InstructionMemory.v" into library work
Parsing module <InstructionMemory>.
Analyzing Verilog file "D:\Workstation\CECS-341\Lab8-PipelinedARMProcessor\InstructionDecoder.v" into library work
Parsing module <InstructionDecoder>.
Analyzing Verilog file "D:\Workstation\CECS-341\Lab8-PipelinedARMProcessor\IFID_PR.v" into library work
Parsing module <IFID_PR>.
Analyzing Verilog file "D:\Workstation\CECS-341\Lab8-PipelinedARMProcessor\IDEX_PR.v" into library work
Parsing module <IDEX_PR>.
Analyzing Verilog file "D:\Workstation\CECS-341\Lab8-PipelinedARMProcessor\EXMEM_PR.v" into library work
Parsing module <EXMEM_PR>.
Analyzing Verilog file "D:\Workstation\CECS-341\Lab8-PipelinedARMProcessor\DataMemory.v" into library work
Parsing module <DataMemory>.
Analyzing Verilog file "D:\Workstation\CECS-341\Lab8-PipelinedARMProcessor\ALUwithControl.v" into library work
Parsing module <ALUwithControl>.
Analyzing Verilog file "D:\Workstation\CECS-341\Lab8-PipelinedARMProcessor\Top8.v" into library work
Parsing module <Top8>.

=========================================================================
*                            HDL Elaboration                            *
=========================================================================

Elaborating module <Top8>.

Elaborating module <PC>.

Elaborating module <InstructionMemory>.

Elaborating module <IFID_PR>.
WARNING:HDLCompiler:91 - "D:\Workstation\CECS-341\Lab8-PipelinedARMProcessor\IFID_PR.v" Line 13: Signal <clock> missing in the sensitivity list is added for synthesis purposes. HDL and post-synthesis simulations may differ as a result.
ERROR:HDLCompiler:608 - "D:\Workstation\CECS-341\Lab8-PipelinedARMProcessor\IFID_PR.v" Line 13: Multiple event control statements in one always/initial process block are not supported in this case.
Module IFID_PR remains a blackbox, due to errors in its contents
WARNING:HDLCompiler:1499 - "D:\Workstation\CECS-341\Lab8-PipelinedARMProcessor\IFID_PR.v" Line 2: Empty module <IFID_PR> remains a black box.

Elaborating module <InstructionDecoder>.

Elaborating module <Mux2to1>.
WARNING:HDLCompiler:189 - "D:\Workstation\CECS-341\Lab8-PipelinedARMProcessor\Top8.v" Line 45: Size mismatch in connection of port <A>. Formal port size is 64-bit while actual signal size is 5-bit.

Elaborating module <SignedExtender>.
WARNING:HDLCompiler:189 - "D:\Workstation\CECS-341\Lab8-PipelinedARMProcessor\Top8.v" Line 46: Size mismatch in connection of port <SEin>. Formal port size is 32-bit while actual signal size is 96-bit.

Elaborating module <registerfile>.

Elaborating module <IDEX_PR>.
WARNING:HDLCompiler:91 - "D:\Workstation\CECS-341\Lab8-PipelinedARMProcessor\IDEX_PR.v" Line 14: Signal <clock> missing in the sensitivity list is added for synthesis purposes. HDL and post-synthesis simulations may differ as a result.
ERROR:HDLCompiler:608 - "D:\Workstation\CECS-341\Lab8-PipelinedARMProcessor\IDEX_PR.v" Line 14: Multiple event control statements in one always/initial process block are not supported in this case.
Module IDEX_PR remains a blackbox, due to errors in its contents
WARNING:HDLCompiler:1499 - "D:\Workstation\CECS-341\Lab8-PipelinedARMProcessor\IDEX_PR.v" Line 2: Empty module <IDEX_PR> remains a black box.

Elaborating module <ALUwithControl>.

Elaborating module <ALUControl>.

Elaborating module <LEGv8>.

Elaborating module <EXMEM_PR>.
WARNING:HDLCompiler:91 - "D:\Workstation\CECS-341\Lab8-PipelinedARMProcessor\EXMEM_PR.v" Line 14: Signal <clock> missing in the sensitivity list is added for synthesis purposes. HDL and post-synthesis simulations may differ as a result.
ERROR:HDLCompiler:608 - "D:\Workstation\CECS-341\Lab8-PipelinedARMProcessor\EXMEM_PR.v" Line 14: Multiple event control statements in one always/initial process block are not supported in this case.
Module EXMEM_PR remains a blackbox, due to errors in its contents
WARNING:HDLCompiler:1499 - "D:\Workstation\CECS-341\Lab8-PipelinedARMProcessor\EXMEM_PR.v" Line 2: Empty module <EXMEM_PR> remains a black box.

Elaborating module <DataMemory>.
WARNING:HDLCompiler:189 - "D:\Workstation\CECS-341\Lab8-PipelinedARMProcessor\Top8.v" Line 63: Size mismatch in connection of port <Address>. Formal port size is 8-bit while actual signal size is 64-bit.

Elaborating module <MEMWB_PR>.
WARNING:HDLCompiler:91 - "D:\Workstation\CECS-341\Lab8-PipelinedARMProcessor\MEMWB_PR.v" Line 14: Signal <clock> missing in the sensitivity list is added for synthesis purposes. HDL and post-synthesis simulations may differ as a result.
ERROR:HDLCompiler:608 - "D:\Workstation\CECS-341\Lab8-PipelinedARMProcessor\MEMWB_PR.v" Line 14: Multiple event control statements in one always/initial process block are not supported in this case.
Module MEMWB_PR remains a blackbox, due to errors in its contents
WARNING:HDLCompiler:1499 - "D:\Workstation\CECS-341\Lab8-PipelinedARMProcessor\MEMWB_PR.v" Line 2: Empty module <MEMWB_PR> remains a black box.
WARNING:HDLCompiler:189 - "D:\Workstation\CECS-341\Lab8-PipelinedARMProcessor\Top8.v" Line 66: Size mismatch in connection of port <out>. Formal port size is 135-bit while actual signal size is 1-bit.
WARNING:HDLCompiler:1127 - "D:\Workstation\CECS-341\Lab8-PipelinedARMProcessor\Top8.v" Line 66: Assignment to P4Out ignored, since the identifier is never used
WARNING:HDLCompiler:634 - "D:\Workstation\CECS-341\Lab8-PipelinedARMProcessor\Top8.v" Line 35: Net <PR4Out[134]> does not have a driver.
--> 

Total memory usage is 241924 kilobytes

Number of errors   :    4 (   0 filtered)
Number of warnings :   14 (   0 filtered)
Number of infos    :    0 (   0 filtered)

